---
source: processor/src/fast/tests/all_ops.rs
expression: fast_stack_outputs
---
Ok(
    StackOutputs {
        elements: [
            1,
            2,
            3,
            4,
            0,
            0,
            0,
            0,
            8818988656427576494,
            1283449346801699930,
            3438527706125916930,
            3414600733395779191,
            0,
            0,
            0,
            0,
        ],
    },
)
