---
source: processor/src/fast/tests/all_ops.rs
expression: fast_stack_outputs
---
Ok(
    StackOutputs {
        elements: [
            1,
            2,
            3,
            4,
            5,
            6,
            7,
            8,
            6917040428292074587,
            6353378101671610475,
            5541570924621212270,
            6269402404051496787,
            13,
            14,
            15,
            0,
        ],
    },
)
