---
source: processor/src/fast/tests/all_ops.rs
expression: fast_stack_outputs
---
Ok(
    StackOutputs {
        elements: [
            1,
            2,
            3,
            4,
            5,
            6,
            7,
            8,
            1806771868376012477,
            2599026249284739392,
            8711197810144533645,
            6285130561382721110,
            0,
            0,
            0,
            0,
        ],
    },
)
