---
source: processor/src/fast/tests/all_ops.rs
expression: fast_stack_outputs
---
Ok(
    StackOutputs {
        elements: [
            1,
            2,
            3,
            4,
            5,
            0,
            0,
            0,
            6124183837742360597,
            8889982900942207130,
            214794948310016505,
            786068731388298823,
            0,
            0,
            0,
            0,
        ],
    },
)
